.next/dev/types/validator.ts(234,31): error TS2344: Type 'typeof import("C:/Users/Dell/english-learning-platform/src/app/api/daily-tasks/[id]/route")' does not satisfy the constraint 'RouteHandlerConfig<"/api/daily-tasks/[id]">'.
  Types of property 'PATCH' are incompatible.
    Type '(req: Request, { params }: { params: { id: string; }; }) => Promise<NextResponse<{ success: boolean; error: string; }> | NextResponse<{ success: boolean; task: { title: string; id: number; type: string; completed: boolean; actionUrl: string; dailyPlanId: number; }; }>>' is not assignable to type '(request: NextRequest, context: { params: Promise<{ id: string; }>; }) => void | Response | Promise<void | Response>'.
      Types of parameters '__1' and 'context' are incompatible.
        Type '{ params: Promise<{ id: string; }>; }' is not assignable to type '{ params: { id: string; }; }'.
          Types of property 'params' are incompatible.
            Property 'id' is missing in type 'Promise<{ id: string; }>' but required in type '{ id: string; }'.
.next/types/validator.ts(234,31): error TS2344: Type 'typeof import("C:/Users/Dell/english-learning-platform/src/app/api/daily-tasks/[id]/route")' does not satisfy the constraint 'RouteHandlerConfig<"/api/daily-tasks/[id]">'.
  Types of property 'PATCH' are incompatible.
    Type '(req: Request, { params }: { params: { id: string; }; }) => Promise<NextResponse<{ success: boolean; error: string; }> | NextResponse<{ success: boolean; task: { title: string; id: number; type: string; completed: boolean; actionUrl: string; dailyPlanId: number; }; }>>' is not assignable to type '(request: NextRequest, context: { params: Promise<{ id: string; }>; }) => void | Response | Promise<void | Response>'.
      Types of parameters '__1' and 'context' are incompatible.
        Type '{ params: Promise<{ id: string; }>; }' is not assignable to type '{ params: { id: string; }; }'.
          Types of property 'params' are incompatible.
            Property 'id' is missing in type 'Promise<{ id: string; }>' but required in type '{ id: string; }'.
